========================================
 RootRecord Ecosystem Smart Pull
========================================
Time: Mon Sep 28 09:09:51 PM HST 2026
Log: /home/rootrecord/RootRecord-Ecosystem/2 - RootRecord-Database/Logs/Github/Manual/pull-20260928-210951.log

========================================
1 - Servers/1 - RootRecord-Pacific-Solar-Server
========================================
--- Fetch ---
From github.com:RootRecord-Software-Solutions/RootRecord-Pacific-Solar-Server
   7307ce8..7f353aa  main       -> origin/main
--- Ensure upstream ---
Setting upstream origin/main
branch 'main' set up to track 'origin/main'.
LOCAL : 7307ce8d936eba48feb30e5d676f5ecfb94affef
REMOTE: 7f353aabeae65f1c9a2ab9c76d88ceaac51e0d92
BASE  : 7307ce8d936eba48feb30e5d676f5ecfb94affef
STATUS: Behind remote
Updating 7307ce8..7f353aa
Fast-forward
 Automations/scripts/poller/open-poller-window.sh | 44 +++++++++++++++++-------
 Automations/scripts/stack/do-stack-reload.sh     | 33 ++++++++----------
 2 files changed, 47 insertions(+), 30 deletions(-)

========================================
2 - RootRecord-Database
========================================
--- Fetch ---
--- Ensure upstream ---
Setting upstream origin/main
branch 'main' set up to track 'origin/main'.
LOCAL : 31723a5a6a52543034cde283029b0b4512b5cf11
REMOTE: 31723a5a6a52543034cde283029b0b4512b5cf11
BASE  : 31723a5a6a52543034cde283029b0b4512b5cf11
STATUS: Already synchronized

========================================
5 - RootRecord-Library
========================================
--- Fetch ---
From github.com:RootRecord-Software-Solutions/RootRecord-Library
   f565bb1..474a7f8  main       -> origin/main
--- Ensure upstream ---
Setting upstream origin/main
branch 'main' set up to track 'origin/main'.
LOCAL : f565bb10e0cd4aaf7703a51d974edfae812d4d0c
REMOTE: 474a7f804aa9b985bdf4b5ffb540d4fee8dfd91b
BASE  : f565bb10e0cd4aaf7703a51d974edfae812d4d0c
STATUS: Behind remote
Updating f565bb1..474a7f8
Fast-forward
 ...em Operator Worklog \342\200\224 Session 03.md" | 30 +++++++++++++++++++---
 ...Servers_Cutover_Work_Order_WO-SRV-2026-09-27.md | 21 +++++++--------
 2 files changed, 38 insertions(+), 13 deletions(-)

========================================
 COMPLETE
========================================
Saved:
/home/rootrecord/RootRecord-Ecosystem/2 - RootRecord-Database/Logs/Github/Manual/pull-20260928-210951.log
Press ENTER to close...