========================================
 RootRecord Ecosystem Smart Pull
========================================
Time: Mon Sep 28 07:04:00 PM HST 2026
Log: /home/rootrecord/RootRecord-Ecosystem/2 - RootRecord-Database/Logs/Github/Manual/pull-20260928-190400.log

========================================
1 - Servers/1 - RootRecord-Pacific-Solar-Server
========================================
--- Fetch ---
From https://github.com/RootRecord-Software-Solutions/RootRecord-Pacific-Solar-Server
 * [new branch]      main       -> origin/main
--- Ensure upstream ---
Setting upstream origin/main
branch 'main' set up to track 'origin/main'.
LOCAL : 39ef426363453c94df2f12eea4fb2913b2713708
REMOTE: af1230815857000f01280c30678bf7f25a95f3fd
BASE  : 39ef426363453c94df2f12eea4fb2913b2713708
STATUS: Behind remote
Updating 39ef426..af12308
Fast-forward
 Automations/scripts/jobs.py       |  10 +-
 README.md                         |   7 +-
 Reports/README.md                 |  47 ++++++++
 Reports/scripts/worklog_lib.sh    | 243 ++++++++++++++++++++++++++++++++++++++
 Reports/scripts/worklog_once.sh   |  15 +++
 Reports/scripts/worklog_poller.sh |  22 ++++
 System/README.md                  |   3 +-
 7 files changed, 338 insertions(+), 9 deletions(-)
 create mode 100644 Reports/README.md
 create mode 100644 Reports/scripts/worklog_lib.sh
 create mode 100644 Reports/scripts/worklog_once.sh
 create mode 100644 Reports/scripts/worklog_poller.sh

========================================
2 - RootRecord-Database
========================================
--- Fetch ---
From https://github.com/RootRecord-Software-Solutions/RootRecord-Database
 * [new branch]      main       -> origin/main
--- Ensure upstream ---
Setting upstream origin/main
branch 'main' set up to track 'origin/main'.
LOCAL : ca7b9d0a6dc8f3b5ed5acbf8f20ff8d27bebc636
REMOTE: ca7b9d0a6dc8f3b5ed5acbf8f20ff8d27bebc636
BASE  : ca7b9d0a6dc8f3b5ed5acbf8f20ff8d27bebc636
STATUS: Already synchronized

========================================
5 - RootRecord-Library
========================================
--- Fetch ---
From https://github.com/RootRecord-Software-Solutions/RootRecord-Library
 * [new branch]      main       -> origin/main
--- Ensure upstream ---
Setting upstream origin/main
branch 'main' set up to track 'origin/main'.
LOCAL : 4e89c2a774416b506252258a877a76e40086b008
REMOTE: 6975c30374d98c8aa7cf0b8dc78ec74c1816c0c1
BASE  : 4e89c2a774416b506252258a877a76e40086b008
STATUS: Behind remote
Updating 4e89c2a..6975c30
Fast-forward
 ...Weekly_Archive_Work_Order_WO-ARCH-2026-09-27.md | 11 +++-
 Documentation/06-development/Work-Orders/README.md | 23 ++++---
 .../WO-COM-001-Communications-Surface.md           | 26 +++++---
 .../WO-COM-002-Discord-Bot-Credential-Rotation.md  | 59 +++++++++++++++++
 .../Work-Orders/WO-RPT-001-Action-Plan.md          | 59 +++++++++++++++++
 .../WO-RPT-001-Reports-Worklog-Domain-Import.md    | 76 ++++++++++++++++++++++
 Documentation/adr/.gitkeep                         |  0
 Documentation/archive/.gitkeep                     |  0
 Documentation/schemas/.gitkeep                     |  0
 Handoff-Context/.gitkeep                           |  0
 README.md                                          |  8 +--
 11 files changed, 236 insertions(+), 26 deletions(-)
 create mode 100644 Documentation/06-development/Work-Orders/WO-COM-002-Discord-Bot-Credential-Rotation.md
 create mode 100644 Documentation/06-development/Work-Orders/WO-RPT-001-Action-Plan.md
 create mode 100644 Documentation/06-development/Work-Orders/WO-RPT-001-Reports-Worklog-Domain-Import.md
 delete mode 100644 Documentation/adr/.gitkeep
 delete mode 100644 Documentation/archive/.gitkeep
 delete mode 100644 Documentation/schemas/.gitkeep
 delete mode 100644 Handoff-Context/.gitkeep

========================================
 COMPLETE
========================================
Saved:
/home/rootrecord/RootRecord-Ecosystem/2 - RootRecord-Database/Logs/Github/Manual/pull-20260928-190400.log
Press ENTER to close...