========================================
 RootRecord Ecosystem Smart Pull
========================================
Time: Mon Sep 28 07:29:17 PM HST 2026
Log: /home/rootrecord/RootRecord-Ecosystem/2 - RootRecord-Database/Logs/Github/Manual/pull-20260928-192916.log

========================================
1 - Servers/1 - RootRecord-Pacific-Solar-Server
========================================
--- Fetch ---
--- Ensure upstream ---
LOCAL : 3787daafa738104bb7df97b9a7a3e34d0ef9f541
REMOTE: 3787daafa738104bb7df97b9a7a3e34d0ef9f541
BASE  : 3787daafa738104bb7df97b9a7a3e34d0ef9f541
STATUS: Already synchronized

========================================
2 - RootRecord-Database
========================================
--- Fetch ---
--- Ensure upstream ---
LOCAL : ca7b9d0a6dc8f3b5ed5acbf8f20ff8d27bebc636
REMOTE: ca7b9d0a6dc8f3b5ed5acbf8f20ff8d27bebc636
BASE  : ca7b9d0a6dc8f3b5ed5acbf8f20ff8d27bebc636
STATUS: Already synchronized

========================================
5 - RootRecord-Library
========================================
--- Fetch ---
--- Ensure upstream ---
LOCAL : 476421b9c41ead7e9383909948f527fbc0442e05
REMOTE: 476421b9c41ead7e9383909948f527fbc0442e05
BASE  : 476421b9c41ead7e9383909948f527fbc0442e05
STATUS: Already synchronized

========================================
 COMPLETE
========================================
Saved:
/home/rootrecord/RootRecord-Ecosystem/2 - RootRecord-Database/Logs/Github/Manual/pull-20260928-192916.log
Press ENTER to close...