========================================
 RootRecord Ecosystem Pull
========================================
Time: Mon Sep 28 03:55:52 PM HST 2026
Log: /home/rootrecord/RootRecord-Ecosystem/2 - RootRecord-Database/Logs/Github/Manual/pull-20260928-155552.log

========================================
1 - Servers/1 - RootRecord-Pacific-Solar-Server
========================================
--- Branch ---
main
--- Remote ---
origin	https://github.com/RootRecord-Software-Solutions/RootRecord-Pacific-Solar-Server.git (fetch)
origin	https://github.com/RootRecord-Software-Solutions/RootRecord-Pacific-Solar-Server.git (push)
--- Pull (fast-forward only) ---
hint: Diverging branches can't be fast-forwarded, you need to either:
hint:
hint: 	git merge --no-ff
hint:
hint: or:
hint:
hint: 	git rebase
hint:
hint: Disable this message with "git config set advice.diverging false"
fatal: Not possible to fast-forward, aborting.

STATUS: MANUAL RECONCILIATION REQUIRED
Repository has either:
 - divergent local/remote history
 - missing upstream tracking
 - non-fast-forward changes

========================================
2 - RootRecord-Database
========================================
--- Branch ---
main
--- Remote ---
origin	https://github.com/RootRecord-Software-Solutions/RootRecord-Database.git (fetch)
origin	https://github.com/RootRecord-Software-Solutions/RootRecord-Database.git (push)
--- Pull (fast-forward only) ---
Already up to date.
STATUS: OK

========================================
5 - RootRecord-Library
========================================
--- Branch ---
main
--- Remote ---
origin	git@github.com:RootRecord-Software-Solutions/RootRecord-Library.git (fetch)
origin	git@github.com:RootRecord-Software-Solutions/RootRecord-Library.git (push)
--- Pull (fast-forward only) ---
There is no tracking information for the current branch.
Please specify which branch you want to merge with.
See git-pull(1) for details.

    git pull <remote> <branch>

If you wish to set tracking information for this branch you can do so with:

    git branch --set-upstream-to=origin/<branch> main


STATUS: MANUAL RECONCILIATION REQUIRED
Repository has either:
 - divergent local/remote history
 - missing upstream tracking
 - non-fast-forward changes

========================================
 COMPLETE
========================================
Saved:
/home/rootrecord/RootRecord-Ecosystem/2 - RootRecord-Database/Logs/Github/Manual/pull-20260928-155552.log
Press ENTER to close...