========================================
 RootRecord Ecosystem Smart Pull
========================================
Time: Mon Sep 28 07:19:10 PM HST 2026
Log: /home/rootrecord/RootRecord-Ecosystem/2 - RootRecord-Database/Logs/Github/Manual/pull-20260928-191910.log

========================================
1 - Servers/1 - RootRecord-Pacific-Solar-Server
========================================
--- Fetch ---
From https://github.com/RootRecord-Software-Solutions/RootRecord-Pacific-Solar-Server
   5005511..3787daa  main       -> origin/main
--- Ensure upstream ---
LOCAL : 5005511c6e3e28aabcf8c64f840d0bfdc82e1e6f
REMOTE: 3787daafa738104bb7df97b9a7a3e34d0ef9f541
BASE  : 5005511c6e3e28aabcf8c64f840d0bfdc82e1e6f
STATUS: Behind remote
Updating 5005511..3787daa
Fast-forward
 Automations/scripts/jobs.py            |  27 ++++++-
 Reports/README.md                      |  61 +++++++++-----
 Reports/scripts/daily_roll_up.sh       | 144 +++++++++++++++++++++++++++++++++
 Reports/scripts/weekly_archive_logs.sh |  74 +++++++++++++++++
 4 files changed, 285 insertions(+), 21 deletions(-)
 create mode 100644 Reports/scripts/daily_roll_up.sh
 create mode 100644 Reports/scripts/weekly_archive_logs.sh

========================================
2 - RootRecord-Database
========================================
--- Fetch ---
--- Ensure upstream ---
LOCAL : ca7b9d0a6dc8f3b5ed5acbf8f20ff8d27bebc636
REMOTE: ca7b9d0a6dc8f3b5ed5acbf8f20ff8d27bebc636
BASE  : ca7b9d0a6dc8f3b5ed5acbf8f20ff8d27bebc636
STATUS: Already synchronized

========================================
5 - RootRecord-Library
========================================
--- Fetch ---
From https://github.com/RootRecord-Software-Solutions/RootRecord-Library
   8fe96fd..476421b  main       -> origin/main
--- Ensure upstream ---
LOCAL : 8fe96fdaa41b0ea0981907f780833e33c7c64282
REMOTE: 476421b9c41ead7e9383909948f527fbc0442e05
BASE  : 8fe96fdaa41b0ea0981907f780833e33c7c64282
STATUS: Behind remote
Updating 8fe96fd..476421b
Fast-forward
 .../Bruce-Agent-Context/ROLE-AND-BOUNDS.md         |  9 +-
 Agent Context/Carly-Agent-Context/CHANGELOG.md     |  6 ++
 Agent Context/Carly-Agent-Context/IDENTITY.md      |  5 +-
 Agent Context/Carly-Agent-Context/README.md        | 13 +--
 .../Carly-Agent-Context/ROLE-AND-BOUNDS.md         | 15 +++-
 Agent Context/Carly-Agent-Context/WORKFLOW.md      | 18 +++-
 Documentation/01-operations/templates/README.md    | 21 +++--
 .../06-development/Work-Orders/Complete/.gitkeep   |  0
 .../06-development/Work-Orders/Complete/README.md  | 33 ++++++++
 ...Weekly_Archive_Work_Order_WO-ARCH-2026-09-27.md | 35 ++++----
 Documentation/06-development/Work-Orders/README.md | 39 ++++++---
 .../Work-Orders/WO-RPT-001-Action-Plan.md          | 50 ++++--------
 .../WO-RPT-001-Reports-Worklog-Domain-Import.md    | 95 ++++++++++------------
 13 files changed, 201 insertions(+), 138 deletions(-)
 create mode 100644 Documentation/06-development/Work-Orders/Complete/.gitkeep
 create mode 100644 Documentation/06-development/Work-Orders/Complete/README.md

========================================
 COMPLETE
========================================
Saved:
/home/rootrecord/RootRecord-Ecosystem/2 - RootRecord-Database/Logs/Github/Manual/pull-20260928-191910.log
Press ENTER to close...