========================================
 RootRecord Ecosystem Smart Pull
========================================
Time: Mon Sep 28 09:13:46 PM HST 2026
Log: /home/rootrecord/RootRecord-Ecosystem/2 - RootRecord-Database/Logs/Github/Manual/pull-20260928-211346.log

========================================
1 - Servers/1 - RootRecord-Pacific-Solar-Server
========================================
--- Fetch ---
From github.com:RootRecord-Software-Solutions/RootRecord-Pacific-Solar-Server
   ed3cc9d..7a82dfd  main       -> origin/main
--- Ensure upstream ---
Setting upstream origin/main
branch 'main' set up to track 'origin/main'.
LOCAL : ed3cc9d65ff2b615a049f058233a60356b626eae
REMOTE: 7a82dfd0e53b27610a74280ece2c722100a423e4
BASE  : ed3cc9d65ff2b615a049f058233a60356b626eae
STATUS: Behind remote
Updating ed3cc9d..7a82dfd
Fast-forward
 Automations/scripts/poller/poller-watch.py | 68 +++++++++++++++++++-----------
 1 file changed, 44 insertions(+), 24 deletions(-)

========================================
2 - RootRecord-Database
========================================
--- Fetch ---
--- Ensure upstream ---
LOCAL : 066d81ac53e45294755fb9c93b85be887d5958d4
REMOTE: 066d81ac53e45294755fb9c93b85be887d5958d4
BASE  : 066d81ac53e45294755fb9c93b85be887d5958d4
STATUS: Already synchronized

========================================
5 - RootRecord-Library
========================================
--- Fetch ---
From github.com:RootRecord-Software-Solutions/RootRecord-Library
   c391c70..e100b44  main       -> origin/main
--- Ensure upstream ---
Setting upstream origin/main
branch 'main' set up to track 'origin/main'.
LOCAL : c391c70df9cc8f6a6b14395832f4ed4afdf94975
REMOTE: e100b44aad7983ea7fa2748e0f2faff286c60682
BASE  : c391c70df9cc8f6a6b14395832f4ed4afdf94975
STATUS: Behind remote
Updating c391c70..e100b44
Fast-forward
 ...28 System Operator Worklog \342\200\224 Session 03.md" | 14 ++++++++++++--
 .../Servers_Cutover_Work_Order_WO-SRV-2026-09-27.md       | 15 ++++++++++++++-
 2 files changed, 26 insertions(+), 3 deletions(-)

========================================
 COMPLETE
========================================
Saved:
/home/rootrecord/RootRecord-Ecosystem/2 - RootRecord-Database/Logs/Github/Manual/pull-20260928-211346.log
Press ENTER to close...