========================================
 RootRecord Ecosystem Smart Pull
========================================
Time: Mon Sep 28 11:24:43 PM HST 2026
Log: /home/rootrecord/RootRecord-Ecosystem/2 - RootRecord-Database/Logs/Github/Manual/pull-20260928-232443.log

========================================
1 - Servers/1 - RootRecord-Pacific-Solar-Server
========================================
--- Fetch ---
From github.com:RootRecord-Software-Solutions/RootRecord-Pacific-Solar-Server
   46d1fcf..7db048d  main       -> origin/main
--- Ensure upstream ---
Setting upstream origin/main
branch 'main' set up to track 'origin/main'.
LOCAL : 46d1fcf9fd409715dcb11d12b6fefc2696a8faf4
REMOTE: 7db048d73b9a56797dec33f2104493c6d59b273e
BASE  : 46d1fcf9fd409715dcb11d12b6fefc2696a8faf4
STATUS: Behind remote
Updating 46d1fcf..7db048d
Fast-forward
 Automations/scripts/poller/open-poller-window.sh | 9 ++-------
 1 file changed, 2 insertions(+), 7 deletions(-)

========================================
2 - RootRecord-Database
========================================
--- Fetch ---
--- Ensure upstream ---
LOCAL : ecf025b4fdf401ec4df75bb8e55581311813c3fa
REMOTE: ecf025b4fdf401ec4df75bb8e55581311813c3fa
BASE  : ecf025b4fdf401ec4df75bb8e55581311813c3fa
STATUS: Already synchronized

========================================
5 - RootRecord-Library
========================================
--- Fetch ---
From github.com:RootRecord-Software-Solutions/RootRecord-Library
 * [new branch]      carly/honesty-seal-residual-table-2026-09-28 -> origin/carly/honesty-seal-residual-table-2026-09-28
 * [new branch]      carly/honesty-seal-wo-srv-2026-09-28 -> origin/carly/honesty-seal-wo-srv-2026-09-28
 * [new branch]      carly/honesty-seal-workorder-index-2026-09-28 -> origin/carly/honesty-seal-workorder-index-2026-09-28
 * [new branch]      carly/security-seal-2026-09-28 -> origin/carly/security-seal-2026-09-28
 * [new branch]      carly/security-seal-2026-09-28-v2 -> origin/carly/security-seal-2026-09-28-v2
 * [new branch]      carly/security-seal-2026-09-28-v3 -> origin/carly/security-seal-2026-09-28-v3
 * [new branch]      carly/security-seal-comms-cf-2026-09-28 -> origin/carly/security-seal-comms-cf-2026-09-28
--- Ensure upstream ---
Setting upstream origin/main
branch 'main' set up to track 'origin/main'.
LOCAL : 52cc9eacb5681467bf8af0c8ece5f24722946c03
REMOTE: 52cc9eacb5681467bf8af0c8ece5f24722946c03
BASE  : 52cc9eacb5681467bf8af0c8ece5f24722946c03
STATUS: Already synchronized

========================================
 COMPLETE
========================================
Saved:
/home/rootrecord/RootRecord-Ecosystem/2 - RootRecord-Database/Logs/Github/Manual/pull-20260928-232443.log
Press ENTER to close...