========================================
 RootRecord Ecosystem Smart Pull
========================================
Time: Mon Sep 28 10:02:02 PM HST 2026
Log: /home/rootrecord/RootRecord-Ecosystem/2 - RootRecord-Database/Logs/Github/Manual/pull-20260928-220202.log

========================================
1 - Servers/1 - RootRecord-Pacific-Solar-Server
========================================
--- Fetch ---
--- Ensure upstream ---
Setting upstream origin/main
branch 'main' set up to track 'origin/main'.
LOCAL : f3bd0a6620e7ee3f0c9877541efe00171c4752c3
REMOTE: f3bd0a6620e7ee3f0c9877541efe00171c4752c3
BASE  : f3bd0a6620e7ee3f0c9877541efe00171c4752c3
STATUS: Already synchronized

========================================
2 - RootRecord-Database
========================================
--- Fetch ---
--- Ensure upstream ---
Setting upstream origin/main
branch 'main' set up to track 'origin/main'.
LOCAL : f297c320487d2712ef252cc98a3f2794a1a44bf5
REMOTE: f297c320487d2712ef252cc98a3f2794a1a44bf5
BASE  : f297c320487d2712ef252cc98a3f2794a1a44bf5
STATUS: Already synchronized

========================================
5 - RootRecord-Library
========================================
--- Fetch ---
From github.com:RootRecord-Software-Solutions/RootRecord-Library
 * [new branch]      carly/honesty-seal-residual-table-2026-09-28 -> origin/carly/honesty-seal-residual-table-2026-09-28
 * [new branch]      carly/honesty-seal-wo-srv-2026-09-28 -> origin/carly/honesty-seal-wo-srv-2026-09-28
 * [new branch]      carly/honesty-seal-workorder-index-2026-09-28 -> origin/carly/honesty-seal-workorder-index-2026-09-28
 * [new branch]      carly/security-seal-2026-09-28 -> origin/carly/security-seal-2026-09-28
 * [new branch]      carly/security-seal-2026-09-28-v2 -> origin/carly/security-seal-2026-09-28-v2
 * [new branch]      carly/security-seal-2026-09-28-v3 -> origin/carly/security-seal-2026-09-28-v3
 * [new branch]      carly/security-seal-comms-cf-2026-09-28 -> origin/carly/security-seal-comms-cf-2026-09-28
--- Ensure upstream ---
Setting upstream origin/main
branch 'main' set up to track 'origin/main'.
LOCAL : 1879cd9ee3da84441a44a6915c907e8e2795175e
REMOTE: 1879cd9ee3da84441a44a6915c907e8e2795175e
BASE  : 1879cd9ee3da84441a44a6915c907e8e2795175e
STATUS: Already synchronized

========================================
 COMPLETE
========================================
Saved:
/home/rootrecord/RootRecord-Ecosystem/2 - RootRecord-Database/Logs/Github/Manual/pull-20260928-220202.log
Press ENTER to close...