========================================
 RootRecord Ecosystem Smart Pull
========================================
Time: Mon Sep 28 07:07:21 PM HST 2026
Log: /home/rootrecord/RootRecord-Ecosystem/2 - RootRecord-Database/Logs/Github/Manual/pull-20260928-190721.log

========================================
1 - Servers/1 - RootRecord-Pacific-Solar-Server
========================================
--- Fetch ---
From https://github.com/RootRecord-Software-Solutions/RootRecord-Pacific-Solar-Server
   af12308..5005511  main       -> origin/main
--- Ensure upstream ---
LOCAL : af1230815857000f01280c30678bf7f25a95f3fd
REMOTE: 5005511c6e3e28aabcf8c64f840d0bfdc82e1e6f
BASE  : af1230815857000f01280c30678bf7f25a95f3fd
STATUS: Behind remote
Updating af12308..5005511
Fast-forward
 Reports/README.md | 8 +++++---
 1 file changed, 5 insertions(+), 3 deletions(-)

========================================
2 - RootRecord-Database
========================================
--- Fetch ---
--- Ensure upstream ---
LOCAL : ca7b9d0a6dc8f3b5ed5acbf8f20ff8d27bebc636
REMOTE: ca7b9d0a6dc8f3b5ed5acbf8f20ff8d27bebc636
BASE  : ca7b9d0a6dc8f3b5ed5acbf8f20ff8d27bebc636
STATUS: Already synchronized

========================================
5 - RootRecord-Library
========================================
--- Fetch ---
From https://github.com/RootRecord-Software-Solutions/RootRecord-Library
   6975c30..8fe96fd  main       -> origin/main
--- Ensure upstream ---
LOCAL : 6975c30374d98c8aa7cf0b8dc78ec74c1816c0c1
REMOTE: 8fe96fdaa41b0ea0981907f780833e33c7c64282
BASE  : 6975c30374d98c8aa7cf0b8dc78ec74c1816c0c1
STATUS: Behind remote
Updating 6975c30..8fe96fd
Fast-forward
 .../Work-Orders/WO-RPT-001-Action-Plan.md          | 21 +++++-------
 .../WO-RPT-001-Reports-Worklog-Domain-Import.md    | 38 ++++++++++++++--------
 2 files changed, 33 insertions(+), 26 deletions(-)

========================================
 COMPLETE
========================================
Saved:
/home/rootrecord/RootRecord-Ecosystem/2 - RootRecord-Database/Logs/Github/Manual/pull-20260928-190721.log
Press ENTER to close...