========================================
 RootRecord Ecosystem Push
========================================
Time: Mon Sep 28 04:01:05 PM HST 2026
Message: Test of new manual deployment system
Log: /home/rootrecord/RootRecord-Ecosystem/2 - RootRecord-Database/Logs/Github/Manual/push-20260928-160052.log

========================================
1 - Servers/1 - RootRecord-Pacific-Solar-Server
========================================
--- Status ---
 D Pull.sh
 D Push.sh
--- Add ---
--- Commit ---
[main 76f2c5c] Test of new manual deployment system
 2 files changed, 35 deletions(-)
 delete mode 100755 Pull.sh
 delete mode 100755 Push.sh
--- Push ---
To https://github.com/RootRecord-Software-Solutions/RootRecord-Pacific-Solar-Server.git
   50d0af2..76f2c5c  main -> main
STATUS: PUSH OK

========================================
2 - RootRecord-Database
========================================
--- Status ---
?? Logs/Github/Manual/
--- Add ---
--- Commit ---
[main 9d4db45] Test of new manual deployment system
 3 files changed, 215 insertions(+)
 create mode 100644 Logs/Github/Manual/pull-20260928-155552.log
 create mode 100644 Logs/Github/Manual/pull-20260928-155714.log
 create mode 100644 Logs/Github/Manual/push-20260928-160052.log
--- Push ---
To https://github.com/RootRecord-Software-Solutions/RootRecord-Database.git
   0efaffa..9d4db45  main -> main
STATUS: PUSH OK

========================================
5 - RootRecord-Library
========================================
--- Status ---
--- Add ---
--- Commit ---
On branch main
Your branch is up to date with 'origin/main'.

nothing to commit, working tree clean
STATUS: NOTHING TO COMMIT

========================================
 COMPLETE
========================================
Saved:
/home/rootrecord/RootRecord-Ecosystem/2 - RootRecord-Database/Logs/Github/Manual/push-20260928-160052.log
Press ENTER to close...